// Jest Snapshot v1, https://goo.gl/fbAQLP

exports[`<IWAnchor> should render children 1`] = `
<DocumentFragment>
  <a
    class="B__E--M"
  >
    Clickable
    <strong>
      text
    </strong>
  </a>
</DocumentFragment>
`;
